*** Testing get_included_files()

-- List included files at start --
array(1) {
  [0]=>
  string(65) "/home/huixinchen/opensource/pecl/apc/tests/get_included_files.php"
}

-- List included files atfter including inc1 -
array(2) {
  [0]=>
  string(65) "/home/huixinchen/opensource/pecl/apc/tests/get_included_files.php"
  [1]=>
  string(70) "/home/huixinchen/opensource/pecl/apc/tests/get_included_files_inc1.inc"
}

-- List included files atfter including inc2 which will include inc3 which includes inc1 --
array(4) {
  [0]=>
  string(65) "/home/huixinchen/opensource/pecl/apc/tests/get_included_files.php"
  [1]=>
  string(70) "/home/huixinchen/opensource/pecl/apc/tests/get_included_files_inc1.inc"
  [2]=>
  string(70) "/home/huixinchen/opensource/pecl/apc/tests/get_included_files_inc2.inc"
  [3]=>
  string(70) "/home/huixinchen/opensource/pecl/apc/tests/get_included_files_inc3.inc"
}

-- Error cases --

Warning: Wrong parameter count for get_included_files() in /home/huixinchen/opensource/pecl/apc/tests/get_included_files.php on line 21
NULL
===DONE===
[Thu Sep  6 18:11:27 2012]  Script:  '/home/huixinchen/opensource/pecl/apc/tests/get_included_files.php'
/home/huixinchen/opensource/pecl/apc/apc_zend.c(38) :  Freeing 0x12030968 (4 bytes), script=/home/huixinchen/opensource/pecl/apc/tests/get_included_files.php
=== Total 1 memory leaks detected ===